Archive member included to satisfy reference by file (symbol)

c:/arm/armgcc/bin/../lib/gcc/arm-none-eabi/5.2.1/../../../../arm-none-eabi/lib/armv7e-m\libg_nano.a(lib_a-ctype_.o)
                              ./system/src/newlib/_syscalls.o (__ctype_ptr__)
c:/arm/armgcc/bin/../lib/gcc/arm-none-eabi/5.2.1/../../../../arm-none-eabi/lib/armv7e-m\libg_nano.a(lib_a-errno.o)
                              ./system/src/newlib/_sbrk.o (__errno)
c:/arm/armgcc/bin/../lib/gcc/arm-none-eabi/5.2.1/../../../../arm-none-eabi/lib/armv7e-m\libg_nano.a(lib_a-findfp.o)
                              ./system/src/newlib/_syscalls.o (__sinit)
c:/arm/armgcc/bin/../lib/gcc/arm-none-eabi/5.2.1/../../../../arm-none-eabi/lib/armv7e-m\libg_nano.a(lib_a-fwalk.o)
                              c:/arm/armgcc/bin/../lib/gcc/arm-none-eabi/5.2.1/../../../../arm-none-eabi/lib/armv7e-m\libg_nano.a(lib_a-findfp.o) (_fwalk)
c:/arm/armgcc/bin/../lib/gcc/arm-none-eabi/5.2.1/../../../../arm-none-eabi/lib/armv7e-m\libg_nano.a(lib_a-impure.o)
                              c:/arm/armgcc/bin/../lib/gcc/arm-none-eabi/5.2.1/../../../../arm-none-eabi/lib/armv7e-m\libg_nano.a(lib_a-findfp.o) (_global_impure_ptr)
c:/arm/armgcc/bin/../lib/gcc/arm-none-eabi/5.2.1/../../../../arm-none-eabi/lib/armv7e-m\libg_nano.a(lib_a-memset.o)
                              ./system/src/newlib/_syscalls.o (memset)
c:/arm/armgcc/bin/../lib/gcc/arm-none-eabi/5.2.1/../../../../arm-none-eabi/lib/armv7e-m\libg_nano.a(lib_a-nano-mallocr.o)
                              c:/arm/armgcc/bin/../lib/gcc/arm-none-eabi/5.2.1/../../../../arm-none-eabi/lib/armv7e-m\libg_nano.a(lib_a-findfp.o) (_malloc_r)
c:/arm/armgcc/bin/../lib/gcc/arm-none-eabi/5.2.1/../../../../arm-none-eabi/lib/armv7e-m\libg_nano.a(lib_a-printf.o)
                              ./src/Application/A_capteur_ultrason.o (printf)
c:/arm/armgcc/bin/../lib/gcc/arm-none-eabi/5.2.1/../../../../arm-none-eabi/lib/armv7e-m\libg_nano.a(lib_a-sbrkr.o)
                              c:/arm/armgcc/bin/../lib/gcc/arm-none-eabi/5.2.1/../../../../arm-none-eabi/lib/armv7e-m\libg_nano.a(lib_a-nano-mallocr.o) (_sbrk_r)
c:/arm/armgcc/bin/../lib/gcc/arm-none-eabi/5.2.1/../../../../arm-none-eabi/lib/armv7e-m\libg_nano.a(lib_a-stdio.o)
                              c:/arm/armgcc/bin/../lib/gcc/arm-none-eabi/5.2.1/../../../../arm-none-eabi/lib/armv7e-m\libg_nano.a(lib_a-findfp.o) (__sread)
c:/arm/armgcc/bin/../lib/gcc/arm-none-eabi/5.2.1/../../../../arm-none-eabi/lib/armv7e-m\libg_nano.a(lib_a-strcmp.o)
                              ./system/src/cortexm/exception_handlers.o (strcmp)
c:/arm/armgcc/bin/../lib/gcc/arm-none-eabi/5.2.1/../../../../arm-none-eabi/lib/armv7e-m\libg_nano.a(lib_a-strlen.o)
                              ./system/src/newlib/_syscalls.o (strlen)
c:/arm/armgcc/bin/../lib/gcc/arm-none-eabi/5.2.1/../../../../arm-none-eabi/lib/armv7e-m\libg_nano.a(lib_a-strncpy.o)
                              ./system/src/newlib/_syscalls.o (strncpy)
c:/arm/armgcc/bin/../lib/gcc/arm-none-eabi/5.2.1/../../../../arm-none-eabi/lib/armv7e-m\libg_nano.a(lib_a-vsnprintf.o)
                              ./system/src/diag/Trace.o (vsnprintf)
c:/arm/armgcc/bin/../lib/gcc/arm-none-eabi/5.2.1/../../../../arm-none-eabi/lib/armv7e-m\libg_nano.a(lib_a-writer.o)
                              c:/arm/armgcc/bin/../lib/gcc/arm-none-eabi/5.2.1/../../../../arm-none-eabi/lib/armv7e-m\libg_nano.a(lib_a-stdio.o) (_write_r)
c:/arm/armgcc/bin/../lib/gcc/arm-none-eabi/5.2.1/../../../../arm-none-eabi/lib/armv7e-m\libg_nano.a(lib_a-closer.o)
                              c:/arm/armgcc/bin/../lib/gcc/arm-none-eabi/5.2.1/../../../../arm-none-eabi/lib/armv7e-m\libg_nano.a(lib_a-stdio.o) (_close_r)
c:/arm/armgcc/bin/../lib/gcc/arm-none-eabi/5.2.1/../../../../arm-none-eabi/lib/armv7e-m\libg_nano.a(lib_a-fflush.o)
                              c:/arm/armgcc/bin/../lib/gcc/arm-none-eabi/5.2.1/../../../../arm-none-eabi/lib/armv7e-m\libg_nano.a(lib_a-findfp.o) (_fflush_r)
c:/arm/armgcc/bin/../lib/gcc/arm-none-eabi/5.2.1/../../../../arm-none-eabi/lib/armv7e-m\libg_nano.a(lib_a-lseekr.o)
                              c:/arm/armgcc/bin/../lib/gcc/arm-none-eabi/5.2.1/../../../../arm-none-eabi/lib/armv7e-m\libg_nano.a(lib_a-stdio.o) (_lseek_r)
c:/arm/armgcc/bin/../lib/gcc/arm-none-eabi/5.2.1/../../../../arm-none-eabi/lib/armv7e-m\libg_nano.a(lib_a-nano-freer.o)
                              c:/arm/armgcc/bin/../lib/gcc/arm-none-eabi/5.2.1/../../../../arm-none-eabi/lib/armv7e-m\libg_nano.a(lib_a-fflush.o) (_free_r)
c:/arm/armgcc/bin/../lib/gcc/arm-none-eabi/5.2.1/../../../../arm-none-eabi/lib/armv7e-m\libg_nano.a(lib_a-nano-svfprintf.o)
                              c:/arm/armgcc/bin/../lib/gcc/arm-none-eabi/5.2.1/../../../../arm-none-eabi/lib/armv7e-m\libg_nano.a(lib_a-vsnprintf.o) (_svfprintf_r)
c:/arm/armgcc/bin/../lib/gcc/arm-none-eabi/5.2.1/../../../../arm-none-eabi/lib/armv7e-m\libg_nano.a(lib_a-nano-vfprintf.o)
[...]
Memory Configuration

Name             Origin             Length             Attributes
RAM              0x20000000         0x00008000         xrw
CCMRAM           0x10000000         0x00002000         xrw
FLASH            0x08000000         0x00020000         xr
FLASHB1          0x00000000         0x00000000         xr
EXTMEMB0         0x00000000         0x00000000         xr
EXTMEMB1         0x00000000         0x00000000         xr
EXTMEMB2         0x00000000         0x00000000         xr
EXTMEMB3         0x00000000         0x00000000         xr
MEMORY_ARRAY     0x20002000         0x00000000         xrw
*default*        0x00000000         0xffffffff

Linker script and memory map

LOAD ./system/src/stm32f3-stdperiph/stm32f30x_gpio.o
LOAD ./system/src/stm32f3-stdperiph/stm32f30x_rcc.o
LOAD ./system/src/newlib/_cxx.o
LOAD ./system/src/newlib/_exit.o
LOAD ./system/src/newlib/_sbrk.o
LOAD ./system/src/newlib/_startup.o
LOAD ./system/src/newlib/_syscalls.o
LOAD ./system/src/newlib/assert.o
LOAD ./system/src/diag/Trace.o
LOAD ./system/src/diag/trace_impl.o
LOAD ./system/src/cortexm/_initialize_hardware.o
LOAD ./system/src/cortexm/_reset_hardware.o
LOAD ./system/src/cortexm/exception_handlers.o
LOAD ./system/src/cmsis/system_stm32f30x.o
LOAD ./system/src/cmsis/vectors_stm32f30x.o
LOAD ./src/Drivers/D_I2C.o
LOAD ./src/Drivers/D_IO.o
LOAD ./src/Drivers/D_Timer.o
LOAD ./src/Drivers/D_UART.o
LOAD ./src/Application/A_I2C.o
LOAD ./src/Application/A_capteur_ultrason.o
LOAD ./src/Application/A_servo_moteur.o
LOAD ./src/_write.o
LOAD ./src/event.o
LOAD ./src/main.o
LOAD c:/arm/armgcc/bin/../lib/gcc/arm-none-eabi/5.2.1/../../../../arm-none-eabi/lib/armv7e-m\libstdc++_nano.a
LOAD c:/arm/armgcc/bin/../lib/gcc/arm-none-eabi/5.2.1/../../../../arm-none-eabi/lib/armv7e-m\libm.a
START GROUP
LOAD c:/arm/armgcc/bin/../lib/gcc/arm-none-eabi/5.2.1/armv7e-m\libgcc.a
LOAD c:/arm/armgcc/bin/../lib/gcc/arm-none-eabi/5.2.1/../../../../arm-none-eabi/lib/armv7e-m\libg_nano.a
LOAD c:/arm/armgcc/bin/../lib/gcc/arm-none-eabi/5.2.1/../../../../arm-none-eabi/lib/armv7e-m\libc_nano.a
END GROUP
START GROUP
LOAD c:/arm/armgcc/bin/../lib/gcc/arm-none-eabi/5.2.1/armv7e-m\libgcc.a
LOAD c:/arm/armgcc/bin/../lib/gcc/arm-none-eabi/5.2.1/../../../../arm-none-eabi/lib/armv7e-m\libc_nano.a
END GROUP
                0x20008000                __stack = (ORIGIN (RAM) + LENGTH (RAM))
                0x20008000                _estack = __stack
                0x00000400                __Main_Stack_Size = 0x400
                [!provide]                PROVIDE (_Main_Stack_Size, __Main_Stack_Size)
                0x20007c00                __Main_Stack_Limit = (__stack - __Main_Stack_Size)
                [!provide]                PROVIDE (_Main_Stack_Limit, __Main_Stack_Limit)
                0x00000100                _Minimum_Stack_Size = 0x100
                0x20000458                PROVIDE (_Heap_Begin, _end_noinit)
                0x20007c00                PROVIDE (_Heap_Limit, (__stack - __Main_Stack_Size))

.isr_vector     0x08000000      0x3ec
 FILL mask 0xff
                0x08000000                __vectors_start = ABSOLUTE (.)
                0x08000000                __vectors_start__ = ABSOLUTE (.)
 *(.isr_vector)
 .isr_vector    0x08000000      0x188 ./system/src/cmsis/vectors_stm32f30x.o
                0x08000000                __isr_vectors
 *(.cfmconfig)
 *(.after_vectors .after_vectors.*)
 .after_vectors
                0x08000188      0x130 ./system/src/newlib/_startup.o
                0x08000188                _start
 .after_vectors
                0x080002b8      0x130 ./system/src/cortexm/exception_handlers.o
                0x080002b8                Reset_Handler
                0x080002c0                NMI_Handler
                0x080002c4                HardFault_Handler
                0x080002d8                HardFault_Handler_C
                0x08000338                MemManage_Handler
                0x0800033c                BusFault_Handler
                0x08000350                BusFault_Handler_C
                0x08000384                UsageFault_Handler
                0x08000398                UsageFault_Handler_C
                0x080003cc                SVC_Handler
                0x080003d0                DebugMon_Handler
                0x080003d4                PendSV_Handler
                0x080003d8                SysTick_Handler
 .after_vectors
                0x080003e8        0x4 ./system/src/cmsis/vectors_stm32f30x.o
                0x080003e8                RTC_Alarm_IRQHandler
                0x080003e8                TIM8_TRG_COM_IRQHandler
                0x080003e8                TIM8_CC_IRQHandler
                0x080003e8                TIM1_CC_IRQHandler
                0x080003e8                USB_HP_IRQHandler
                0x080003e8                PVD_IRQHandler
                0x080003e8                EXTI3_IRQHandler
                0x080003e8                EXTI0_IRQHandler
                0x080003e8                FPU_IRQHandler
                0x080003e8                EXTI2_TS_IRQHandler
                0x080003e8                TIM1_UP_TIM16_IRQHandler
                0x080003e8                ADC1_2_IRQHandler
                0x080003e8                SPI1_IRQHandler
                0x080003e8                TIM6_DAC_IRQHandler
                0x080003e8                TIM8_UP_IRQHandler
                0x080003e8                DMA2_Channel2_IRQHandler
                0x080003e8                DMA1_Channel4_IRQHandler
                0x080003e8                USART3_IRQHandler
                0x080003e8                DMA1_Channel7_IRQHandler
                0x080003e8                CAN1_RX1_IRQHandler
                0x080003e8                UART5_IRQHandler
                0x080003e8                ADC3_IRQHandler
                0x080003e8                TIM4_IRQHandler
                0x080003e8                DMA2_Channel1_IRQHandler
                0x080003e8                I2C1_EV_IRQHandler
                0x080003e8                DMA1_Channel6_IRQHandler
                0x080003e8                UART4_IRQHandler
                0x080003e8                DMA2_Channel4_IRQHandler
                0x080003e8                TIM3_IRQHandler
                0x080003e8                RCC_IRQHandler
                0x080003e8                DMA1_Channel1_IRQHandler
                0x080003e8                Default_Handler
                0x080003e8                USBWakeUp_RMP_IRQHandler
                0x080003e8                EXTI15_10_IRQHandler
                0x080003e8                TIM7_IRQHandler
                0x080003e8                EXTI9_5_IRQHandler
                0x080003e8                TAMPER_STAMP_IRQHandler
                0x080003e8                RTC_WKUP_IRQHandler
                0x080003e8                SPI2_IRQHandler
                0x080003e8                DMA2_Channel5_IRQHandler
                0x080003e8                DMA1_Channel5_IRQHandler
                0x080003e8                USB_LP_IRQHandler
                0x080003e8                EXTI4_IRQHandler
                0x080003e8                USB_LP_CAN1_RX0_IRQHandler
                0x080003e8                TIM1_TRG_COM_TIM17_IRQHandler
                0x080003e8                USB_HP_CAN1_TX_IRQHandler
                0x080003e8                DMA1_Channel3_IRQHandler
                0x080003e8                ADC4_IRQHandler
                0x080003e8                WWDG_IRQHandler
                0x080003e8                COMP7_IRQHandler
                0x080003e8                COMP1_2_3_IRQHandler
                0x080003e8                EXTI1_IRQHandler
                0x080003e8                USART2_IRQHandler
                0x080003e8                COMP4_5_6_IRQHandler
                0x080003e8                I2C2_ER_IRQHandler
                0x080003e8                DMA1_Channel2_IRQHandler
                0x080003e8                TIM8_BRK_IRQHandler
                0x080003e8                CAN1_SCE_IRQHandler
                0x080003e8                FLASH_IRQHandler
                0x080003e8                USART1_IRQHandler
                0x080003e8                SPI3_IRQHandler
                0x080003e8                I2C1_ER_IRQHandler
                0x080003e8                USBWakeUp_IRQHandler
                0x080003e8                DMA2_Channel3_IRQHandler
                0x080003e8                TIM1_BRK_TIM15_IRQHandler

.inits          0x080003ec       0x28
                0x080003ec                __data_regions_array_start = .
                0x080003ec        0x4 LONG 0x8001a2c LOADADDR (.data)
                0x080003f0        0x4 LONG 0x20000000 ADDR (.data)
                0x080003f4        0x4 LONG 0x20000084 (ADDR (.data) + SIZEOF (.data))
                0x080003f8        0x4 LONG 0x8001a2c LOADADDR (.data_CCMRAM)
                0x080003fc        0x4 LONG 0x10000000 ADDR (.data_CCMRAM)
                0x08000400        0x4 LONG 0x10000000 (ADDR (.data_CCMRAM) + SIZEOF (.data_CCMRAM))
                0x08000404                __data_regions_array_end = .
                0x08000404                __bss_regions_array_start = .
                0x08000404        0x4 LONG 0x20000084 ADDR (.bss)
                0x08000408        0x4 LONG 0x20000458 (ADDR (.bss) + SIZEOF (.bss))
                0x0800040c        0x4 LONG 0x10000000 ADDR (.bss_CCMRAM)
                0x08000410        0x4 LONG 0x10000000 (ADDR (.bss_CCMRAM) + SIZEOF (.bss_CCMRAM))
                0x08000414                __bss_regions_array_end = .
 *(.init)
 *(.fini)
                0x08000414                . = ALIGN (0x4)
                0x08000414                PROVIDE (__preinit_array_start, .)
 *(.preinit_array_sysinit .preinit_array_sysinit.*)
 *(.preinit_array_platform .preinit_array_platform.*)
 *(.preinit_array .preinit_array.*)
                0x08000414                PROVIDE (__preinit_array_end, .)
                0x08000414                . = ALIGN (0x4)
                0x08000414                PROVIDE (__init_array_start, .)
 *(SORT(.init_array.*))
 *(.init_array)
                0x08000414                PROVIDE (__init_array_end, .)
                0x08000414                . = ALIGN (0x4)
                0x08000414                PROVIDE (__fini_array_start, .)
 *(SORT(.fini_array.*))
 *(.fini_array)
                0x08000414                PROVIDE (__fini_array_end, .)

.flashtext
 *(.flashtext .flashtext.*)

.text           0x08000420     0x1609
 *(.text .text.*)
 .text._sbrk    0x08000420       0x44 ./system/src/newlib/_sbrk.o
                0x08000420                _sbrk
 .text._exit    0x08000464       0x20 ./system/src/newlib/_syscalls.o
                0x08000464                _exit
 .text.initialise_monitor_handles
                0x08000484       0xa8 ./system/src/newlib/_syscalls.o
                0x08000484                initialise_monitor_handles
 .text.__initialize_args
                0x0800052c       0xe0 ./system/src/newlib/_syscalls.o
                0x0800052c                __initialize_args
 .text.trace_printf
                0x0800060c       0x30 ./system/src/diag/Trace.o
                0x0800060c                trace_printf
 .text._trace_write_semihosting_stdout
                0x0800063c       0x70 ./system/src/diag/trace_impl.o
 .text.trace_write
                0x080006ac        0x8 ./system/src/diag/trace_impl.o
                0x080006ac                trace_write
 .text.__initialize_hardware_early
                0x080006b4       0x18 ./system/src/cortexm/_initialize_hardware.o
                0x080006b4                __initialize_hardware_early
 .text.__initialize_hardware
                0x080006cc        0x8 ./system/src/cortexm/_initialize_hardware.o
                0x080006cc                __initialize_hardware
 .text.dumpExceptionStack
                0x080006d4       0xf0 ./system/src/cortexm/exception_handlers.o
                0x080006d4                dumpExceptionStack
 .text.isSemihosting
                0x080007c4      0x100 ./system/src/cortexm/exception_handlers.o
                0x080007c4                isSemihosting
 .text.SetSysClock
                0x080008c4       0xb0 ./system/src/cmsis/system_stm32f30x.o
 .text.SystemInit
                0x08000974       0x64 ./system/src/cmsis/system_stm32f30x.o
                0x08000974                SystemInit
 .text.SystemCoreClockUpdate
                0x080009d8       0x8c ./system/src/cmsis/system_stm32f30x.o
                0x080009d8                SystemCoreClockUpdate
 .text.F_init_IO
                0x08000a64       0x8c ./src/Drivers/D_IO.o
                0x08000a64                F_init_IO
 .text.F_Init_Timer
                0x08000af0      0x108 ./src/Drivers/D_Timer.o
                0x08000af0                F_Init_Timer
 .text.F_init_UART_debug
                0x08000bf8       0x78 ./src/Drivers/D_UART.o
                0x08000bf8                F_init_UART_debug
 .text.F_init_capteur_ultrasons
                0x08000c70       0xbc ./src/Application/A_capteur_ultrason.o
                0x08000c70                F_init_capteur_ultrasons
 .text.I2C2_EV_IRQHandler
                0x08000d2c       0x30 ./src/event.o
                0x08000d2c                I2C2_EV_IRQHandler
 .text.TIM2_IRQHandler
                0x08000d5c       0x90 ./src/event.o
                0x08000d5c                TIM2_IRQHandler
 .text.main     0x08000dec       0x40 ./src/main.o
                0x08000dec                main
 .text.__errno  0x08000e2c        0xc c:/arm/armgcc/bin/../lib/gcc/arm-none-eabi/5.2.1/../../../../arm-none-eabi/lib/armv7e-m\libg_nano.a(lib_a-errno.o)
                0x08000e2c                __errno
 .text._malloc_r
                0x08000e38       0xa8 c:/arm/armgcc/bin/../lib/gcc/arm-none-eabi/5.2.1/../../../../arm-none-eabi/lib/armv7e-m\libg_nano.a(lib_a-nano-mallocr.o)
                0x08000e38                _malloc_r
 .text._sbrk_r  0x08000ee0       0x20 c:/arm/armgcc/bin/../lib/gcc/arm-none-eabi/5.2.1/../../../../arm-none-eabi/lib/armv7e-m\libg_nano.a(lib_a-sbrkr.o)
                0x08000ee0                _sbrk_r
 .text          0x08000f00       0x14 c:/arm/armgcc/bin/../lib/gcc/arm-none-eabi/5.2.1/../../../../arm-none-eabi/lib/armv7e-m\libg_nano.a(lib_a-strcmp.o)
                0x08000f00                strcmp
 .text._vsnprintf_r
                0x08000f14       0x56 c:/arm/armgcc/bin/../lib/gcc/arm-none-eabi/5.2.1/../../../../arm-none-eabi/lib/armv7e-m\libg_nano.a(lib_a-vsnprintf.o)
                0x08000f14                _vsniprintf_r
                0x08000f14                _vsnprintf_r
 *fill*         0x08000f6a        0x2 
 .text.vsnprintf
                0x08000f6c       0x1c c:/arm/armgcc/bin/../lib/gcc/arm-none-eabi/5.2.1/../../../../arm-none-eabi/lib/armv7e-m\libg_nano.a(lib_a-vsnprintf.o)
                0x08000f6c                vsniprintf
                0x08000f6c                vsnprintf
 .text._free_r  0x08000f88       0x8c c:/arm/armgcc/bin/../lib/gcc/arm-none-eabi/5.2.1/../../../../arm-none-eabi/lib/armv7e-m\libg_nano.a(lib_a-nano-freer.o)
                0x08000f88                _free_r
 .text.__ssputs_r
                0x08001014       0xb2 c:/arm/armgcc/bin/../lib/gcc/arm-none-eabi/5.2.1/../../../../arm-none-eabi/lib/armv7e-m\libg_nano.a(lib_a-nano-svfprintf.o)
                0x08001014                __ssputs_r
 *fill*         0x080010c6        0x2 
 .text._svfprintf_r
                0x080010c8      0x1e8 c:/arm/armgcc/bin/../lib/gcc/arm-none-eabi/5.2.1/../../../../arm-none-eabi/lib/armv7e-m\libg_nano.a(lib_a-nano-svfprintf.o)
                0x080010c8                _svfiprintf_r
                0x080010c8                _svfprintf_r
 .text._printf_common
                0x080012b0       0xec c:/arm/armgcc/bin/../lib/gcc/arm-none-eabi/5.2.1/../../../../arm-none-eabi/lib/armv7e-m\libg_nano.a(lib_a-nano-vfprintf_i.o)
                0x080012b0                _printf_common
 .text._printf_i
                0x0800139c      0x24c c:/arm/armgcc/bin/../lib/gcc/arm-none-eabi/5.2.1/../../../../arm-none-eabi/lib/armv7e-m\libg_nano.a(lib_a-nano-vfprintf_i.o)
                0x0800139c                _printf_i
 *fill*         0x080015e8        0x8 
 .text          0x080015f0       0xa0 c:/arm/armgcc/bin/../lib/gcc/arm-none-eabi/5.2.1/../../../../arm-none-eabi/lib/armv7e-m\libg_nano.a(lib_a-memchr.o)
                0x080015f0                memchr
 .text.memcpy   0x08001690       0x16 c:/arm/armgcc/bin/../lib/gcc/arm-none-eabi/5.2.1/../../../../arm-none-eabi/lib/armv7e-m\libg_nano.a(lib_a-memcpy-stub.o)
                0x08001690                memcpy
 .text.memmove  0x080016a6       0x36 c:/arm/armgcc/bin/../lib/gcc/arm-none-eabi/5.2.1/../../../../arm-none-eabi/lib/armv7e-m\libg_nano.a(lib_a-memmove.o)
                0x080016a6                memmove
 .text._realloc_r
                0x080016dc       0x4c c:/arm/armgcc/bin/../lib/gcc/arm-none-eabi/5.2.1/../../../../arm-none-eabi/lib/armv7e-m\libg_nano.a(lib_a-nano-reallocr.o)
                0x080016dc                _realloc_r
 .text._malloc_usable_size_r
                0x08001728       0x14 c:/arm/armgcc/bin/../lib/gcc/arm-none-eabi/5.2.1/../../../../arm-none-eabi/lib/armv7e-m\libg_nano.a(lib_a-nano-msizer.o)
                0x08001728                _malloc_usable_size_r
 *(.rodata .rodata.* .constdata .constdata.*)
 .rodata.str1.4
                0x0800173c        0x9 ./system/src/newlib/_syscalls.o
 .rodata.str1.4
                0x08001745        0x4 ./system/src/diag/trace_impl.o
 *fill*         0x08001745        0x3 
 .rodata.str1.4
                0x08001748      0x148 ./system/src/cortexm/exception_handlers.o
                                0x14a (size before relaxing)
 .rodata._ctype_
                0x08001890      0x101 c:/arm/armgcc/bin/../lib/gcc/arm-none-eabi/5.2.1/../../../../arm-none-eabi/lib/armv7e-m\libg_nano.a(lib_a-ctype_.o)
                0x08001890                _ctype_
 *fill*         0x08001991        0x3 
 .rodata.__sf_fake_stdin
                0x08001994       0x20 c:/arm/armgcc/bin/../lib/gcc/arm-none-eabi/5.2.1/../../../../arm-none-eabi/lib/armv7e-m\libg_nano.a(lib_a-findfp.o)
                0x08001994                __sf_fake_stdin
 .rodata.__sf_fake_stdout
                0x080019b4       0x20 c:/arm/armgcc/bin/../lib/gcc/arm-none-eabi/5.2.1/../../../../arm-none-eabi/lib/armv7e-m\libg_nano.a(lib_a-findfp.o)
                0x080019b4                __sf_fake_stdout
 .rodata.__sf_fake_stderr
                0x080019d4       0x20 c:/arm/armgcc/bin/../lib/gcc/arm-none-eabi/5.2.1/../../../../arm-none-eabi/lib/armv7e-m\libg_nano.a(lib_a-findfp.o)
                0x080019d4                __sf_fake_stderr
 .rodata.str1.1
                0x080019f4        0x2 c:/arm/armgcc/bin/../lib/gcc/arm-none-eabi/5.2.1/../../../../arm-none-eabi/lib/armv7e-m\libg_nano.a(lib_a-impure.o)
 .rodata.str1.1
                0x080019f6       0x11 c:/arm/armgcc/bin/../lib/gcc/arm-none-eabi/5.2.1/../../../../arm-none-eabi/lib/armv7e-m\libg_nano.a(lib_a-nano-svfprintf.o)
 .rodata.str1.1
                0x08001a07       0x22 c:/arm/armgcc/bin/../lib/gcc/arm-none-eabi/5.2.1/../../../../arm-none-eabi/lib/armv7e-m\libg_nano.a(lib_a-nano-vfprintf_i.o)
 *(vtable)
 *(.eh_frame*)
 *(.glue_7)
 .glue_7        0x08001a29        0x0 linker stubs
 *(.glue_7t)
 .glue_7t       0x08001a29        0x0 linker stubs

.vfp11_veneer   0x08001a2c        0x0
 .vfp11_veneer  0x08001a2c        0x0 linker stubs

.v4_bx          0x08001a2c        0x0
 .v4_bx         0x08001a2c        0x0 linker stubs

.iplt           0x08001a2c        0x0
 .iplt          0x08001a2c        0x0 ./system/src/stm32f3-stdperiph/stm32f30x_gpio.o

.rel.dyn        0x08001a2c        0x0
 .rel.iplt      0x08001a2c        0x0 ./system/src/stm32f3-stdperiph/stm32f30x_gpio.o

.ARM.extab
 *(.ARM.extab* .gnu.linkonce.armextab.*)
                0x08001a2c                . = ALIGN (0x4)
                0x08001a2c                __exidx_start = .

.ARM.exidx
 *(.ARM.exidx* .gnu.linkonce.armexidx.*)
                0x08001a2c                __exidx_end = .
                0x08001a2c                . = ALIGN (0x4)
                0x08001a2c                _etext = .
                0x08001a2c                __etext = .

.data_CCMRAM    0x10000000        0x0 load address 0x08001a2c
 FILL mask 0xff
 *(.data.CCMRAM .data.CCMRAM.*)
                0x10000000                . = ALIGN (0x4)
                0x08001a2c                _sidata = LOADADDR (.data)

.data           0x20000000       0x84 load address 0x08001a2c
 FILL mask 0xff
                0x20000000                _sdata = .
                0x20000000                __data_start__ = .
 *(.data_begin .data_begin.*)
 .data_begin    0x20000000        0x4 ./system/src/newlib/_startup.o
 *(.data .data.*)
 .data.AHBPrescTable
                0x20000004       0x10 ./system/src/cmsis/system_stm32f30x.o
                0x20000004                AHBPrescTable
 .data.SystemCoreClock
                0x20000014        0x4 ./system/src/cmsis/system_stm32f30x.o
                0x20000014                SystemCoreClock
 .data.__ctype_ptr__
                0x20000018        0x4 c:/arm/armgcc/bin/../lib/gcc/arm-none-eabi/5.2.1/../../../../arm-none-eabi/lib/armv7e-m\libg_nano.a(lib_a-ctype_.o)
                0x20000018                __ctype_ptr__
 .data.impure_data
                0x2000001c       0x60 c:/arm/armgcc/bin/../lib/gcc/arm-none-eabi/5.2.1/../../../../arm-none-eabi/lib/armv7e-m\libg_nano.a(lib_a-impure.o)
 .data._impure_ptr
                0x2000007c        0x4 c:/arm/armgcc/bin/../lib/gcc/arm-none-eabi/5.2.1/../../../../arm-none-eabi/lib/armv7e-m\libg_nano.a(lib_a-impure.o)
                0x2000007c                _impure_ptr
 *(.data_end .data_end.*)
 .data_end      0x20000080        0x4 ./system/src/newlib/_startup.o
                0x20000084                . = ALIGN (0x4)
                0x20000084                _edata = .
                0x20000084                __data_end__ = .

.igot.plt       0x20000084        0x0 load address 0x08001ab0
 .igot.plt      0x20000084        0x0 ./system/src/stm32f3-stdperiph/stm32f30x_gpio.o

.bss_CCMRAM     0x10000000        0x0
 *(.bss.CCMRAM .bss.CCMRAM.*)

.bss            0x20000084      0x3d4
                0x20000084                __bss_start__ = .
                0x20000084                _sbss = .
 *(.bss_begin .bss_begin.*)
 .bss_begin     0x20000084        0x4 ./system/src/newlib/_startup.o
 *(.bss .bss.*)
 .bss.current_heap_end.4422
                0x20000088        0x4 ./system/src/newlib/_sbrk.o
 .bss.monitor_stdout
                0x2000008c        0x4 ./system/src/newlib/_syscalls.o
 .bss.monitor_stdin
                0x20000090        0x4 ./system/src/newlib/_syscalls.o
 .bss.argv_buf.6129
                0x20000094       0x28 ./system/src/newlib/_syscalls.o
 .bss.args_buf.6128
                0x200000bc       0x50 ./system/src/newlib/_syscalls.o
 .bss.monitor_stderr
                0x2000010c        0x4 ./system/src/newlib/_syscalls.o
 .bss.openfiles
                0x20000110       0xa0 ./system/src/newlib/_syscalls.o
 .bss.buf.5558  0x200001b0       0x80 ./system/src/diag/Trace.o
 .bss.handle.7654
                0x20000230        0x4 ./system/src/diag/trace_impl.o
 .bss.exec_ultrason
                0x20000234        0x1 ./src/main.o
                0x20000234                exec_ultrason
 *fill*         0x20000235        0x3 
 .bss.__malloc_sbrk_start
                0x20000238        0x4 c:/arm/armgcc/bin/../lib/gcc/arm-none-eabi/5.2.1/../../../../arm-none-eabi/lib/armv7e-m\libg_nano.a(lib_a-nano-mallocr.o)
                0x20000238                __malloc_sbrk_start
 .bss.__malloc_free_list
                0x2000023c        0x4 c:/arm/armgcc/bin/../lib/gcc/arm-none-eabi/5.2.1/../../../../arm-none-eabi/lib/armv7e-m\libg_nano.a(lib_a-nano-mallocr.o)
                0x2000023c                __malloc_free_list
 *(COMMON)
 COMMON         0x20000240        0x4 ./system/src/newlib/_syscalls.o
                0x20000240                errno
 COMMON         0x20000244      0x20e ./src/main.o
                0x20000244                nb_data_i2c
                0x20000248                buffer_i2c_tx
                0x20000348                buffer_i2c_rx
                0x20000447                timer_1ms
                0x20000448                status_operation
                0x2000044a                timer_1s
                0x2000044c                index_buffer_tx
                0x2000044d                timer_100ms
                0x2000044e                timeout_i2c
                0x2000044f                index_buffer_rx
                0x20000450                timer_10ms
                0x20000451                timer_100us
 *(.bss_end .bss_end.*)
 *fill*         0x20000452        0x2 
 .bss_end       0x20000454        0x4 ./system/src/newlib/_startup.o
                0x20000458                . = ALIGN (0x4)
                0x20000458                __bss_end__ = .
                0x20000458                _ebss = .

.noinit_CCMRAM
 *(.noinit.CCMRAM .noinit.CCMRAM.*)

.noinit         0x20000458        0x0
                0x20000458                _noinit = .
 *(.noinit .noinit.*)
                0x20000458                . = ALIGN (0x4)
                0x20000458                _end_noinit = .
                [!provide]                PROVIDE (end, _end_noinit)
                [!provide]                PROVIDE (_end, _end_noinit)
                [!provide]                PROVIDE (__end, _end_noinit)
                [!provide]                PROVIDE (__end__, _end_noinit)

._check_stack   0x20000458      0x100
                0x20000558                . = (. + _Minimum_Stack_Size)
 *fill*         0x20000458      0x100 

.b1text
 *(.b1text)
 *(.b1rodata)
 *(.b1rodata.*)

.eb0text
 *(.eb0text)
 *(.eb0rodata)
 *(.eb0rodata.*)

.eb1text
 *(.eb1text)
 *(.eb1rodata)
 *(.eb1rodata.*)

.eb2text
 *(.eb2text)
 *(.eb2rodata)
 *(.eb2rodata.*)

.eb3text
 *(.eb3text)
 *(.eb3rodata)
 *(.eb3rodata.*)

.stab
 *(.stab)

.stabstr
 *(.stabstr)

.stab.excl
 *(.stab.excl)

.stab.exclstr
 *(.stab.exclstr)

.stab.index
 *(.stab.index)

.stab.indexstr
 *(.stab.indexstr)

.comment        0x00000000       0x6e
 *(.comment)
 .comment       0x00000000       0x6e ./system/src/newlib/_sbrk.o
                                 0x6f (size before relaxing)
 .comment       0x0000006e       0x6f ./system/src/newlib/_startup.o
 .comment       0x0000006e       0x6f ./system/src/newlib/_syscalls.o
 .comment       0x0000006e       0x6f ./system/src/diag/Trace.o
 .comment       0x0000006e       0x6f ./system/src/diag/trace_impl.o
 .comment       0x0000006e       0x6f ./system/src/cortexm/_initialize_hardware.o
 .comment       0x0000006e       0x6f ./system/src/cortexm/exception_handlers.o
 .comment       0x0000006e       0x6f ./system/src/cmsis/system_stm32f30x.o
 .comment       0x0000006e       0x6f ./system/src/cmsis/vectors_stm32f30x.o
 .comment       0x0000006e       0x6f ./src/Drivers/D_IO.o
 .comment       0x0000006e       0x6f ./src/Drivers/D_Timer.o
 .comment       0x0000006e       0x6f ./src/Drivers/D_UART.o
 .comment       0x0000006e       0x6f ./src/Application/A_capteur_ultrason.o
 .comment       0x0000006e       0x6f ./src/event.o
 .comment       0x0000006e       0x6f ./src/main.o

.ARM.attributes
                0x00000000       0x31
 .ARM.attributes
                0x00000000       0x33 ./system/src/newlib/_sbrk.o
 .ARM.attributes
                0x00000033       0x33 ./system/src/newlib/_startup.o
 .ARM.attributes
                0x00000066       0x33 ./system/src/newlib/_syscalls.o
 .ARM.attributes
                0x00000099       0x33 ./system/src/diag/Trace.o
 .ARM.attributes
                0x000000cc       0x33 ./system/src/diag/trace_impl.o
 .ARM.attributes
                0x000000ff       0x33 ./system/src/cortexm/_initialize_hardware.o
 .ARM.attributes
                0x00000132       0x33 ./system/src/cortexm/exception_handlers.o
 .ARM.attributes
                0x00000165       0x33 ./system/src/cmsis/system_stm32f30x.o
 .ARM.attributes
                0x00000198       0x33 ./system/src/cmsis/vectors_stm32f30x.o
 .ARM.attributes
                0x000001cb       0x33 ./src/Drivers/D_IO.o
 .ARM.attributes
                0x000001fe       0x33 ./src/Drivers/D_Timer.o
 .ARM.attributes
                0x00000231       0x33 ./src/Drivers/D_UART.o
 .ARM.attributes
                0x00000264       0x33 ./src/Application/A_capteur_ultrason.o
 .ARM.attributes
                0x00000297       0x33 ./src/event.o
 .ARM.attributes
                0x000002ca       0x33 ./src/main.o
 .ARM.attributes
                0x000002fd       0x2e c:/arm/armgcc/bin/../lib/gcc/arm-none-eabi/5.2.1/../../../../arm-none-eabi/lib/armv7e-m\libg_nano.a(lib_a-ctype_.o)
 .ARM.attributes
                0x0000032b       0x2e c:/arm/armgcc/bin/../lib/gcc/arm-none-eabi/5.2.1/../../../../arm-none-eabi/lib/armv7e-m\libg_nano.a(lib_a-errno.o)
 .ARM.attributes
                0x00000359       0x2e c:/arm/armgcc/bin/../lib/gcc/arm-none-eabi/5.2.1/../../../../arm-none-eabi/lib/armv7e-m\libg_nano.a(lib_a-findfp.o)
 .ARM.attributes
                0x00000387       0x2e c:/arm/armgcc/bin/../lib/gcc/arm-none-eabi/5.2.1/../../../../arm-none-eabi/lib/armv7e-m\libg_nano.a(lib_a-impure.o)
 .ARM.attributes
                0x000003b5       0x2e c:/arm/armgcc/bin/../lib/gcc/arm-none-eabi/5.2.1/../../../../arm-none-eabi/lib/armv7e-m\libg_nano.a(lib_a-nano-mallocr.o)
 .ARM.attributes
                0x000003e3       0x2e c:/arm/armgcc/bin/../lib/gcc/arm-none-eabi/5.2.1/../../../../arm-none-eabi/lib/armv7e-m\libg_nano.a(lib_a-sbrkr.o)
 .ARM.attributes
                0x00000411       0x1c c:/arm/armgcc/bin/../lib/gcc/arm-none-eabi/5.2.1/../../../../arm-none-eabi/lib/armv7e-m\libg_nano.a(lib_a-strcmp.o)
 .ARM.attributes
                0x0000042d       0x2e c:/arm/armgcc/bin/../lib/gcc/arm-none-eabi/5.2.1/../../../../arm-none-eabi/lib/armv7e-m\libg_nano.a(lib_a-vsnprintf.o)
 .ARM.attributes
                0x0000045b       0x2e c:/arm/armgcc/bin/../lib/gcc/arm-none-eabi/5.2.1/../../../../arm-none-eabi/lib/armv7e-m\libg_nano.a(lib_a-nano-freer.o)
 .ARM.attributes
                0x00000489       0x2e c:/arm/armgcc/bin/../lib/gcc/arm-none-eabi/5.2.1/../../../../arm-none-eabi/lib/armv7e-m\libg_nano.a(lib_a-nano-svfprintf.o)
 .ARM.attributes
                0x000004b7       0x2e c:/arm/armgcc/bin/../lib/gcc/arm-none-eabi/5.2.1/../../../../arm-none-eabi/lib/armv7e-m\libg_nano.a(lib_a-nano-vfprintf_i.o)
 .ARM.attributes
                0x000004e5       0x1c c:/arm/armgcc/bin/../lib/gcc/arm-none-eabi/5.2.1/../../../../arm-none-eabi/lib/armv7e-m\libg_nano.a(lib_a-memchr.o)
 .ARM.attributes
                0x00000501       0x2e c:/arm/armgcc/bin/../lib/gcc/arm-none-eabi/5.2.1/../../../../arm-none-eabi/lib/armv7e-m\libg_nano.a(lib_a-memcpy-stub.o)
 .ARM.attributes
                0x0000052f       0x2e c:/arm/armgcc/bin/../lib/gcc/arm-none-eabi/5.2.1/../../../../arm-none-eabi/lib/armv7e-m\libg_nano.a(lib_a-memmove.o)
 .ARM.attributes
                0x0000055d       0x2e c:/arm/armgcc/bin/../lib/gcc/arm-none-eabi/5.2.1/../../../../arm-none-eabi/lib/armv7e-m\libg_nano.a(lib_a-nano-reallocr.o)
 .ARM.attributes
                0x0000058b       0x2e c:/arm/armgcc/bin/../lib/gcc/arm-none-eabi/5.2.1/../../../../arm-none-eabi/lib/armv7e-m\libg_nano.a(lib_a-nano-msizer.o)

.debug
 *(.debug)

.line
 *(.line)

.debug_srcinfo
 *(.debug_srcinfo)

.debug_sfnames
 *(.debug_sfnames)

.debug_aranges  0x00000000      0x3d8
 *(.debug_aranges)
 .debug_aranges
                0x00000000       0x20 ./system/src/newlib/_sbrk.o
 .debug_aranges
                0x00000020       0x40 ./system/src/newlib/_startup.o
 .debug_aranges
                0x00000060      0x120 ./system/src/newlib/_syscalls.o
 .debug_aranges
                0x00000180       0x38 ./system/src/diag/Trace.o
 .debug_aranges
                0x000001b8       0x30 ./system/src/diag/trace_impl.o
 .debug_aranges
                0x000001e8       0x28 ./system/src/cortexm/_initialize_hardware.o
 .debug_aranges
                0x00000210       0x90 ./system/src/cortexm/exception_handlers.o
 .debug_aranges
                0x000002a0       0x30 ./system/src/cmsis/system_stm32f30x.o
 .debug_aranges
                0x000002d0       0x20 ./system/src/cmsis/vectors_stm32f30x.o
 .debug_aranges
                0x000002f0       0x28 ./src/Drivers/D_IO.o
 .debug_aranges
                0x00000318       0x20 ./src/Drivers/D_Timer.o
 .debug_aranges
                0x00000338       0x30 ./src/Drivers/D_UART.o
 .debug_aranges
                0x00000368       0x28 ./src/Application/A_capteur_ultrason.o
 .debug_aranges
                0x00000390       0x28 ./src/event.o
 .debug_aranges
                0x000003b8       0x20 ./src/main.o

.debug_pubnames
 *(.debug_pubnames)

.debug_info     0x00000000     0x5778
 *(.debug_info .gnu.linkonce.wi.*)
 .debug_info    0x00000000      0x11f ./system/src/newlib/_sbrk.o
 .debug_info    0x0000011f      0x4fa ./system/src/newlib/_startup.o
 .debug_info    0x00000619     0x1ebd ./system/src/newlib/_syscalls.o
 .debug_info    0x000024d6      0x2e7 ./system/src/diag/Trace.o
 .debug_info    0x000027bd      0x2f8 ./system/src/diag/trace_impl.o
 .debug_info    0x00002ab5      0x2bd ./system/src/cortexm/_initialize_hardware.o
 .debug_info    0x00002d72      0x9a9 ./system/src/cortexm/exception_handlers.o
 .debug_info    0x0000371b      0x4b6 ./system/src/cmsis/system_stm32f30x.o
 .debug_info    0x00003bd1       0xd1 ./system/src/cmsis/vectors_stm32f30x.o
 .debug_info    0x00003ca2      0x2bd ./src/Drivers/D_IO.o
 .debug_info    0x00003f5f      0x78a ./src/Drivers/D_Timer.o
 .debug_info    0x000046e9      0x3b7 ./src/Drivers/D_UART.o
 .debug_info    0x00004aa0      0x4c0 ./src/Application/A_capteur_ultrason.o
 .debug_info    0x00004f60      0x46f ./src/event.o
 .debug_info    0x000053cf      0x3a9 ./src/main.o

.debug_abbrev   0x00000000     0x152e
 *(.debug_abbrev)
 .debug_abbrev  0x00000000       0xb9 ./system/src/newlib/_sbrk.o
 .debug_abbrev  0x000000b9      0x1d4 ./system/src/newlib/_startup.o
 .debug_abbrev  0x0000028d      0x41e ./system/src/newlib/_syscalls.o
 .debug_abbrev  0x000006ab      0x156 ./system/src/diag/Trace.o
 .debug_abbrev  0x00000801      0x1b0 ./system/src/diag/trace_impl.o
 .debug_abbrev  0x000009b1       0xea ./system/src/cortexm/_initialize_hardware.o
 .debug_abbrev  0x00000a9b      0x286 ./system/src/cortexm/exception_handlers.o
 .debug_abbrev  0x00000d21      0x13f ./system/src/cmsis/system_stm32f30x.o
 .debug_abbrev  0x00000e60       0x9d ./system/src/cmsis/vectors_stm32f30x.o
 .debug_abbrev  0x00000efd       0xdd ./src/Drivers/D_IO.o
 .debug_abbrev  0x00000fda      0x152 ./src/Drivers/D_Timer.o
 .debug_abbrev  0x0000112c       0xf5 ./src/Drivers/D_UART.o
 .debug_abbrev  0x00001221      0x13b ./src/Application/A_capteur_ultrason.o
 .debug_abbrev  0x0000135c       0xc5 ./src/event.o
 .debug_abbrev  0x00001421      0x10d ./src/main.o

.debug_line     0x00000000     0x443c
 *(.debug_line)
 .debug_line    0x00000000      0x214 ./system/src/newlib/_sbrk.o
 .debug_line    0x00000214      0x2e5 ./system/src/newlib/_startup.o
 .debug_line    0x000004f9      0x79e ./system/src/newlib/_syscalls.o
 .debug_line    0x00000c97      0x2c1 ./system/src/diag/Trace.o
 .debug_line    0x00000f58      0x554 ./system/src/diag/trace_impl.o
 .debug_line    0x000014ac      0x404 ./system/src/cortexm/_initialize_hardware.o
 .debug_line    0x000018b0      0x63a ./system/src/cortexm/exception_handlers.o
 .debug_line    0x00001eea      0x444 ./system/src/cmsis/system_stm32f30x.o
 .debug_line    0x0000232e      0x188 ./system/src/cmsis/vectors_stm32f30x.o
 .debug_line    0x000024b6      0x404 ./src/Drivers/D_IO.o
 .debug_line    0x000028ba      0x642 ./src/Drivers/D_Timer.o
 .debug_line    0x00002efc      0x40f ./src/Drivers/D_UART.o
 .debug_line    0x0000330b      0x52e ./src/Application/A_capteur_ultrason.o
 .debug_line    0x00003839      0x60e ./src/event.o
 .debug_line    0x00003e47      0x5f5 ./src/main.o

.debug_frame    0x00000000      0xc64
 *(.debug_frame)
 .debug_frame   0x00000000       0x28 ./system/src/newlib/_sbrk.o
 .debug_frame   0x00000028       0x7c ./system/src/newlib/_startup.o
 .debug_frame   0x000000a4      0x3d0 ./system/src/newlib/_syscalls.o
 .debug_frame   0x00000474       0x94 ./system/src/diag/Trace.o
 .debug_frame   0x00000508       0x5c ./system/src/diag/trace_impl.o
 .debug_frame   0x00000564       0x40 ./system/src/cortexm/_initialize_hardware.o
 .debug_frame   0x000005a4      0x164 ./system/src/cortexm/exception_handlers.o
 .debug_frame   0x00000708       0x50 ./system/src/cmsis/system_stm32f30x.o
 .debug_frame   0x00000758       0x20 ./system/src/cmsis/vectors_stm32f30x.o
 .debug_frame   0x00000778       0x30 ./src/Drivers/D_IO.o
 .debug_frame   0x000007a8       0x28 ./src/Drivers/D_Timer.o
 .debug_frame   0x000007d0       0x40 ./src/Drivers/D_UART.o
 .debug_frame   0x00000810       0x38 ./src/Application/A_capteur_ultrason.o
 .debug_frame   0x00000848       0x30 ./src/event.o
 .debug_frame   0x00000878       0x28 ./src/main.o
 .debug_frame   0x000008a0       0x20 c:/arm/armgcc/bin/../lib/gcc/arm-none-eabi/5.2.1/../../../../arm-none-eabi/lib/armv7e-m\libg_nano.a(lib_a-errno.o)
 .debug_frame   0x000008c0      0x11c c:/arm/armgcc/bin/../lib/gcc/arm-none-eabi/5.2.1/../../../../arm-none-eabi/lib/armv7e-m\libg_nano.a(lib_a-findfp.o)
 .debug_frame   0x000009dc       0x2c c:/arm/armgcc/bin/../lib/gcc/arm-none-eabi/5.2.1/../../../../arm-none-eabi/lib/armv7e-m\libg_nano.a(lib_a-nano-mallocr.o)
 .debug_frame   0x00000a08       0x2c c:/arm/armgcc/bin/../lib/gcc/arm-none-eabi/5.2.1/../../../../arm-none-eabi/lib/armv7e-m\libg_nano.a(lib_a-sbrkr.o)
 .debug_frame   0x00000a34       0x20 c:/arm/armgcc/bin/../lib/gcc/arm-none-eabi/5.2.1/../../../../arm-none-eabi/lib/armv7e-m\libg_nano.a(lib_a-strcmp.o)
 .debug_frame   0x00000a54       0x48 c:/arm/armgcc/bin/../lib/gcc/arm-none-eabi/5.2.1/../../../../arm-none-eabi/lib/armv7e-m\libg_nano.a(lib_a-vsnprintf.o)
 .debug_frame   0x00000a9c       0x2c c:/arm/armgcc/bin/../lib/gcc/arm-none-eabi/5.2.1/../../../../arm-none-eabi/lib/armv7e-m\libg_nano.a(lib_a-nano-freer.o)
 .debug_frame   0x00000ac8       0x90 c:/arm/armgcc/bin/../lib/gcc/arm-none-eabi/5.2.1/../../../../arm-none-eabi/lib/armv7e-m\libg_nano.a(lib_a-nano-svfprintf.o)
 .debug_frame   0x00000b58       0x60 c:/arm/armgcc/bin/../lib/gcc/arm-none-eabi/5.2.1/../../../../arm-none-eabi/lib/armv7e-m\libg_nano.a(lib_a-nano-vfprintf_i.o)
 .debug_frame   0x00000bb8       0x28 c:/arm/armgcc/bin/../lib/gcc/arm-none-eabi/5.2.1/../../../../arm-none-eabi/lib/armv7e-m\libg_nano.a(lib_a-memcpy-stub.o)
 .debug_frame   0x00000be0       0x28 c:/arm/armgcc/bin/../lib/gcc/arm-none-eabi/5.2.1/../../../../arm-none-eabi/lib/armv7e-m\libg_nano.a(lib_a-memmove.o)
 .debug_frame   0x00000c08       0x3c c:/arm/armgcc/bin/../lib/gcc/arm-none-eabi/5.2.1/../../../../arm-none-eabi/lib/armv7e-m\libg_nano.a(lib_a-nano-reallocr.o)
 .debug_frame   0x00000c44       0x20 c:/arm/armgcc/bin/../lib/gcc/arm-none-eabi/5.2.1/../../../../arm-none-eabi/lib/armv7e-m\libg_nano.a(lib_a-nano-msizer.o)

.debug_str      0x00000000    0x5b5af
 *(.debug_str)
 .debug_str     0x00000000     0x5cb4 ./system/src/newlib/_sbrk.o
                               0x5e1e (size before relaxing)
 .debug_str     0x00005cb4      0xc42 ./system/src/newlib/_startup.o
                               0x59e8 (size before relaxing)
 .debug_str     0x000068f6     0x35fa ./system/src/newlib/_syscalls.o
                               0x9ead (size before relaxing)
 .debug_str     0x00009ef0      0x18f ./system/src/diag/Trace.o
                               0x731d (size before relaxing)
 .debug_str     0x0000a07f    0x50486 ./system/src/diag/trace_impl.o
                              0x56e26 (size before relaxing)
 .debug_str     0x0005a505       0xc6 ./system/src/cortexm/_initialize_hardware.o
                              0x5371c (size before relaxing)
 .debug_str     0x0005a5cb      0x204 ./system/src/cortexm/exception_handlers.o
                              0x57c8c (size before relaxing)
 .debug_str     0x0005a7cf      0x11b ./system/src/cmsis/system_stm32f30x.o
                              0x537c8 (size before relaxing)
 .debug_str     0x0005a8ea       0x57 ./system/src/cmsis/vectors_stm32f30x.o
                               0x3277 (size before relaxing)
 .debug_str     0x0005a941      0x367 ./src/Drivers/D_IO.o
                              0x539ed (size before relaxing)
 .debug_str     0x0005aca8      0x69c ./src/Drivers/D_Timer.o
                              0x5899e (size before relaxing)
 .debug_str     0x0005b344       0x5c ./src/Drivers/D_UART.o
                              0x53751 (size before relaxing)
 .debug_str     0x0005b3a0       0x86 ./src/Application/A_capteur_ultrason.o
                              0x571b6 (size before relaxing)
 .debug_str     0x0005b426       0xac ./src/event.o
                              0x58541 (size before relaxing)
 .debug_str     0x0005b4d2       0xdd ./src/main.o
                              0x58595 (size before relaxing)

.debug_loc      0x00000000     0x1b21
 *(.debug_loc)
 .debug_loc     0x00000000       0x82 ./system/src/newlib/_sbrk.o
 .debug_loc     0x00000082      0x36e ./system/src/newlib/_startup.o
 .debug_loc     0x000003f0      0xf15 ./system/src/newlib/_syscalls.o
 .debug_loc     0x00001305      0x102 ./system/src/diag/Trace.o
 .debug_loc     0x00001407      0x125 ./system/src/diag/trace_impl.o
 .debug_loc     0x0000152c      0x43a ./system/src/cortexm/exception_handlers.o
 .debug_loc     0x00001966       0xff ./system/src/cmsis/system_stm32f30x.o
 .debug_loc     0x00001a65       0x14 ./src/Drivers/D_Timer.o
 .debug_loc     0x00001a79       0xa8 ./src/Application/A_capteur_ultrason.o

.debug_macinfo
 *(.debug_macinfo)

.debug_weaknames
 *(.debug_weaknames)

.debug_funcnames
 *(.debug_funcnames)

.debug_typenames
 *(.debug_typenames)

.debug_varnames
 *(.debug_varnames)
OUTPUT(carte_actionneur.elf elf32-littlearm)

.debug_ranges   0x00000000      0x338
 .debug_ranges  0x00000000       0x10 ./system/src/newlib/_sbrk.o
 .debug_ranges  0x00000010       0x30 ./system/src/newlib/_startup.o
 .debug_ranges  0x00000040      0x148 ./system/src/newlib/_syscalls.o
 .debug_ranges  0x00000188       0x28 ./system/src/diag/Trace.o
 .debug_ranges  0x000001b0       0x20 ./system/src/diag/trace_impl.o
 .debug_ranges  0x000001d0       0x18 ./system/src/cortexm/_initialize_hardware.o
 .debug_ranges  0x000001e8       0x98 ./system/src/cortexm/exception_handlers.o
 .debug_ranges  0x00000280       0x20 ./system/src/cmsis/system_stm32f30x.o
 .debug_ranges  0x000002a0       0x10 ./system/src/cmsis/vectors_stm32f30x.o
 .debug_ranges  0x000002b0       0x18 ./src/Drivers/D_IO.o
 .debug_ranges  0x000002c8       0x10 ./src/Drivers/D_Timer.o
 .debug_ranges  0x000002d8       0x20 ./src/Drivers/D_UART.o
 .debug_ranges  0x000002f8       0x18 ./src/Application/A_capteur_ultrason.o
 .debug_ranges  0x00000310       0x18 ./src/event.o
 .debug_ranges  0x00000328       0x10 ./src/main.o

.debug_macro    0x00000000     0x3c60
 .debug_macro   0x00000000      0x12e ./system/src/newlib/_sbrk.o
 .debug_macro   0x0000012e      0x174 ./system/src/newlib/_sbrk.o
 .debug_macro   0x000002a2       0x10 ./system/src/newlib/_sbrk.o
 .debug_macro   0x000002b2      0x23b ./system/src/newlib/_sbrk.o
 .debug_macro   0x000004ed      0x14d ./system/src/newlib/_startup.o
 .debug_macro   0x0000063a      0x8a4 ./system/src/newlib/_startup.o
 .debug_macro   0x00000ede      0x289 ./system/src/newlib/_syscalls.o
 .debug_macro   0x00001167       0x10 ./system/src/newlib/_syscalls.o
 .debug_macro   0x00001177       0x10 ./system/src/newlib/_syscalls.o
 .debug_macro   0x00001187       0x10 ./system/src/newlib/_syscalls.o
 .debug_macro   0x00001197       0x35 ./system/src/newlib/_syscalls.o
 .debug_macro   0x000011cc      0x122 ./system/src/newlib/_syscalls.o
 .debug_macro   0x000012ee      0x1cd ./system/src/newlib/_syscalls.o
 .debug_macro   0x000014bb       0x10 ./system/src/newlib/_syscalls.o
 .debug_macro   0x000014cb       0x1c ./system/src/newlib/_syscalls.o
 .debug_macro   0x000014e7       0x10 ./system/src/newlib/_syscalls.o
 .debug_macro   0x000014f7       0x16 ./system/src/newlib/_syscalls.o
 .debug_macro   0x0000150d      0x197 ./system/src/newlib/_syscalls.o
 .debug_macro   0x000016a4       0x16 ./system/src/newlib/_syscalls.o
 .debug_macro   0x000016ba       0x88 ./system/src/newlib/_syscalls.o
 .debug_macro   0x00001742      0x241 ./system/src/newlib/_syscalls.o
 .debug_macro   0x00001983       0x16 ./system/src/newlib/_syscalls.o
 .debug_macro   0x00001999       0x3a ./system/src/newlib/_syscalls.o
 .debug_macro   0x000019d3       0xac ./system/src/newlib/_syscalls.o
 .debug_macro   0x00001a7f      0x159 ./system/src/newlib/_syscalls.o
 .debug_macro   0x00001bd8       0x16 ./system/src/newlib/_syscalls.o
 .debug_macro   0x00001bee       0x22 ./system/src/newlib/_syscalls.o
 .debug_macro   0x00001c10      0x19f ./system/src/diag/Trace.o
 .debug_macro   0x00001daf       0x16 ./system/src/diag/Trace.o
 .debug_macro   0x00001dc5       0x97 ./system/src/diag/Trace.o
 .debug_macro   0x00001e5c       0xfd ./system/src/diag/Trace.o
 .debug_macro   0x00001f59       0x52 ./system/src/diag/Trace.o
 .debug_macro   0x00001fab      0x2ae ./system/src/diag/trace_impl.o
 .debug_macro   0x00002259       0x10 ./system/src/diag/trace_impl.o
 .debug_macro   0x00002269       0xcf ./system/src/diag/trace_impl.o
 .debug_macro   0x00002338       0x19 ./system/src/diag/trace_impl.o
 .debug_macro   0x00002351       0xbe ./system/src/diag/trace_impl.o
 .debug_macro   0x0000240f      0x19c ./system/src/cortexm/_initialize_hardware.o
 .debug_macro   0x000025ab      0x300 ./system/src/cortexm/exception_handlers.o
 .debug_macro   0x000028ab       0x3b ./system/src/cortexm/exception_handlers.o
 .debug_macro   0x000028e6       0x10 ./system/src/cortexm/exception_handlers.o
 .debug_macro   0x000028f6      0x198 ./system/src/cmsis/system_stm32f30x.o
 .debug_macro   0x00002a8e       0x64 ./system/src/cmsis/vectors_stm32f30x.o
 .debug_macro   0x00002af2      0x1a1 ./src/Drivers/D_IO.o
 .debug_macro   0x00002c93       0x7c ./src/Drivers/D_IO.o
 .debug_macro   0x00002d0f      0x373 ./src/Drivers/D_Timer.o
 .debug_macro   0x00003082       0x82 ./src/Drivers/D_Timer.o
 .debug_macro   0x00003104       0x16 ./src/Drivers/D_Timer.o
 .debug_macro   0x0000311a      0x19c ./src/Drivers/D_UART.o
 .debug_macro   0x000032b6      0x2be ./src/Application/A_capteur_ultrason.o
 .debug_macro   0x00003574      0x379 ./src/event.o
 .debug_macro   0x000038ed      0x373 ./src/main.o
